usage: train.py [-h] [--config_path str] [--dataset str]
                [--dataset.repo_id str] [--dataset.root str]
                [--dataset.episodes str] [--image_transforms str]
                [--dataset.image_transforms.enable str]
                [--dataset.image_transforms.max_num_transforms str]
                [--dataset.image_transforms.random_order str]
                [--dataset.image_transforms.tfs str] [--dataset.revision str]
                [--dataset.use_imagenet_stats str]
                [--dataset.video_backend str] [--env str]
                [--env.type {aloha,pusht,xarm}] [--env.task str]
                [--env.fps str] [--env.features str] [--env.features_map str]
                [--env.episode_length str] [--env.obs_type str]
                [--env.render_mode str] [--env.visualization_width str]
                [--env.visualization_height str] [--policy str]
                [--policy.type {act,diffusion,pi0,tdmpc,vqbet}]
                [--policy.replace_final_stride_with_dilation str]
                [--policy.pre_norm str] [--policy.dim_model str]
                [--policy.n_heads str] [--policy.dim_feedforward str]
                [--policy.feedforward_activation str]
                [--policy.n_encoder_layers str]
                [--policy.n_decoder_layers str] [--policy.use_vae str]
                [--policy.n_vae_encoder_layers str]
                [--policy.temporal_ensemble_coeff str]
                [--policy.kl_weight str] [--policy.optimizer_lr_backbone str]
                [--policy.drop_n_last_frames str]
                [--policy.use_separate_rgb_encoder_per_camera str]
                [--policy.down_dims str] [--policy.kernel_size str]
                [--policy.n_groups str]
                [--policy.diffusion_step_embed_dim str]
                [--policy.use_film_scale_modulation str]
                [--policy.noise_scheduler_type str]
                [--policy.num_train_timesteps str]
                [--policy.beta_schedule str] [--policy.beta_start str]
                [--policy.beta_end str] [--policy.prediction_type str]
                [--policy.clip_sample str] [--policy.clip_sample_range str]
                [--policy.num_inference_steps str]
                [--policy.do_mask_loss_for_padding str]
                [--policy.scheduler_name str] [--policy.chunk_size str]
                [--policy.max_state_dim str] [--policy.max_action_dim str]
                [--policy.resize_imgs_with_padding str]
                [--policy.empty_cameras str] [--policy.adapt_to_pi_aloha str]
                [--policy.use_delta_joint_actions_aloha str]
                [--policy.tokenizer_max_length str] [--policy.proj_width str]
                [--policy.num_steps str] [--policy.use_cache str]
                [--policy.attention_implementation str]
                [--policy.freeze_vision_encoder str]
                [--policy.train_expert_only str]
                [--policy.train_state_proj str]
                [--policy.scheduler_decay_steps str]
                [--policy.scheduler_decay_lr str]
                [--policy.n_action_repeats str] [--policy.horizon str]
                [--policy.n_action_steps str]
                [--policy.image_encoder_hidden_dim str]
                [--policy.state_encoder_hidden_dim str]
                [--policy.latent_dim str] [--policy.q_ensemble_size str]
                [--policy.mlp_dim str] [--policy.discount str]
                [--policy.use_mpc str] [--policy.cem_iterations str]
                [--policy.max_std str] [--policy.min_std str]
                [--policy.n_gaussian_samples str] [--policy.n_pi_samples str]
                [--policy.uncertainty_regularizer_coeff str]
                [--policy.n_elites str]
                [--policy.elite_weighting_temperature str]
                [--policy.gaussian_mean_momentum str]
                [--policy.max_random_shift_ratio str]
                [--policy.reward_coeff str] [--policy.expectile_weight str]
                [--policy.value_coeff str] [--policy.consistency_coeff str]
                [--policy.advantage_scaling str] [--policy.pi_coeff str]
                [--policy.temporal_decay_coeff str]
                [--policy.target_model_momentum str]
                [--policy.n_obs_steps str]
                [--policy.normalization_mapping str]
                [--policy.input_features str] [--policy.output_features str]
                [--policy.device str] [--policy.use_amp str]
                [--policy.n_action_pred_token str]
                [--policy.action_chunk_size str]
                [--policy.vision_backbone str] [--policy.crop_shape str]
                [--policy.crop_is_random str]
                [--policy.pretrained_backbone_weights str]
                [--policy.use_group_norm str]
                [--policy.spatial_softmax_num_keypoints str]
                [--policy.n_vqvae_training_steps str]
                [--policy.vqvae_n_embed str]
                [--policy.vqvae_embedding_dim str]
                [--policy.vqvae_enc_hidden_dim str]
                [--policy.gpt_block_size str] [--policy.gpt_input_dim str]
                [--policy.gpt_output_dim str] [--policy.gpt_n_layer str]
                [--policy.gpt_n_head str] [--policy.gpt_hidden_dim str]
                [--policy.dropout str] [--policy.mlp_hidden_dim str]
                [--policy.offset_loss_weight str]
                [--policy.primary_code_loss_weight str]
                [--policy.secondary_code_loss_weight str]
                [--policy.bet_softmax_temperature str]
                [--policy.sequentially_select str] [--policy.optimizer_lr str]
                [--policy.optimizer_betas str] [--policy.optimizer_eps str]
                [--policy.optimizer_weight_decay str]
                [--policy.optimizer_vqvae_lr str]
                [--policy.optimizer_vqvae_weight_decay str]
                [--policy.scheduler_warmup_steps str] [--output_dir str]
                [--job_name str] [--resume str] [--seed str]
                [--num_workers str] [--batch_size str] [--steps str]
                [--eval_freq str] [--log_freq str] [--save_checkpoint str]
                [--save_freq str] [--use_policy_training_preset str]
                [--optimizer str] [--optimizer.type {adam,adamw,sgd}]
                [--optimizer.betas str] [--optimizer.eps str]
                [--optimizer.lr str] [--optimizer.weight_decay str]
                [--optimizer.grad_clip_norm str] [--optimizer.momentum str]
                [--optimizer.dampening str] [--optimizer.nesterov str]
                [--scheduler str]
                [--scheduler.type {diffuser,vqbet,cosine_decay_with_warmup}]
                [--scheduler.name str]
                [--scheduler.num_vqvae_training_steps str]
                [--scheduler.num_cycles str]
                [--scheduler.num_warmup_steps str]
                [--scheduler.num_decay_steps str] [--scheduler.peak_lr str]
                [--scheduler.decay_lr str] [--eval str]
                [--eval.n_episodes str] [--eval.batch_size str]
                [--eval.use_async_envs str] [--wandb str] [--wandb.enable str]
                [--wandb.disable_artifact str] [--wandb.project str]
                [--wandb.entity str] [--wandb.notes str] [--wandb.run_id str]
train.py: error: argument --steps: expected one argument
